| test.html:2:61:2:68 | endpoint | Callee_AccessPath | $event.target.files.item |
| test.html:2:61:2:68 | endpoint | Input_AccessPathFromCallee |  |
| test.html:2:61:2:68 | endpoint | Input_ArgumentIndex | 0 |
| test.html:2:61:2:68 | endpoint | Input_ArgumentIndexAndAccessPathFromCallee | 0 |
| test.html:2:61:2:68 | endpoint | argumentIndex | 0 |
| test.html:2:61:2:68 | endpoint | calleeAccessPath |  |
| test.html:2:61:2:68 | endpoint | calleeAccessPathWithStructuralInfo |  |
| test.html:2:61:2:68 | endpoint | calleeName | item |
| test.js:2:7:2:14 | endpoint | Callee_AccessPath | f |
| test.js:2:7:2:14 | endpoint | Input_AccessPathFromCallee |  |
| test.js:2:7:2:14 | endpoint | Input_ArgumentIndex | 0 |
| test.js:2:7:2:14 | endpoint | Input_ArgumentIndexAndAccessPathFromCallee | 0 |
| test.js:2:7:2:14 | endpoint | argumentIndex | 0 |
| test.js:2:7:2:14 | endpoint | calleeAccessPath |  |
| test.js:2:7:2:14 | endpoint | calleeAccessPathWithStructuralInfo |  |
| test.js:2:7:2:14 | endpoint | calleeName | f |
| test.js:3:11:3:18 | endpoint | Callee_AccessPath | f |
| test.js:3:11:3:18 | endpoint | Input_AccessPathFromCallee | 0.p |
| test.js:3:11:3:18 | endpoint | Input_ArgumentIndex | 0 |
| test.js:3:11:3:18 | endpoint | Input_ArgumentIndexAndAccessPathFromCallee | 0.p |
| test.js:3:11:3:18 | endpoint | calleeAccessPath |  |
| test.js:3:11:3:18 | endpoint | calleeAccessPathWithStructuralInfo |  |
| test.js:4:15:4:22 | endpoint | Callee_AccessPath | f |
| test.js:4:15:4:22 | endpoint | Input_AccessPathFromCallee | 0.p.q |
| test.js:4:15:4:22 | endpoint | Input_ArgumentIndex | 0 |
| test.js:4:15:4:22 | endpoint | Input_ArgumentIndexAndAccessPathFromCallee | 0.p.q |
| test.js:4:15:4:22 | endpoint | calleeAccessPath |  |
| test.js:4:15:4:22 | endpoint | calleeAccessPathWithStructuralInfo |  |
| test.js:5:9:5:16 | endpoint | Callee_AccessPath | o.m |
| test.js:5:9:5:16 | endpoint | Input_AccessPathFromCallee |  |
| test.js:5:9:5:16 | endpoint | Input_ArgumentIndex | 0 |
| test.js:5:9:5:16 | endpoint | Input_ArgumentIndexAndAccessPathFromCallee | 0 |
| test.js:5:9:5:16 | endpoint | argumentIndex | 0 |
| test.js:5:9:5:16 | endpoint | calleeAccessPath |  |
| test.js:5:9:5:16 | endpoint | calleeAccessPathWithStructuralInfo |  |
| test.js:5:9:5:16 | endpoint | calleeName | m |
| test.js:5:9:5:16 | endpoint | receiverName | o |
| test.js:6:13:6:20 | endpoint | Callee_AccessPath | o.m |
| test.js:6:13:6:20 | endpoint | Input_AccessPathFromCallee | 0.p |
| test.js:6:13:6:20 | endpoint | Input_ArgumentIndex | 0 |
| test.js:6:13:6:20 | endpoint | Input_ArgumentIndexAndAccessPathFromCallee | 0.p |
| test.js:6:13:6:20 | endpoint | calleeAccessPath |  |
| test.js:6:13:6:20 | endpoint | calleeAccessPathWithStructuralInfo |  |
| test.js:7:17:7:24 | endpoint | Callee_AccessPath | o.m |
| test.js:7:17:7:24 | endpoint | Input_AccessPathFromCallee | 0.p.q |
| test.js:7:17:7:24 | endpoint | Input_ArgumentIndex | 0 |
| test.js:7:17:7:24 | endpoint | Input_ArgumentIndexAndAccessPathFromCallee | 0.p.q |
| test.js:7:17:7:24 | endpoint | calleeAccessPath |  |
| test.js:7:17:7:24 | endpoint | calleeAccessPathWithStructuralInfo |  |
| test.js:8:11:8:18 | endpoint | Callee_AccessPath | F |
| test.js:8:11:8:18 | endpoint | Input_AccessPathFromCallee |  |
| test.js:8:11:8:18 | endpoint | Input_ArgumentIndex | 0 |
| test.js:8:11:8:18 | endpoint | Input_ArgumentIndexAndAccessPathFromCallee | ? |
| test.js:8:11:8:18 | endpoint | calleeAccessPath |  |
| test.js:8:11:8:18 | endpoint | calleeAccessPathWithStructuralInfo |  |
| test.js:9:17:9:24 | endpoint | Callee_AccessPath | o.m().m().m |
| test.js:9:17:9:24 | endpoint | Input_AccessPathFromCallee |  |
| test.js:9:17:9:24 | endpoint | Input_ArgumentIndex | 0 |
| test.js:9:17:9:24 | endpoint | Input_ArgumentIndexAndAccessPathFromCallee | 0 |
| test.js:9:17:9:24 | endpoint | argumentIndex | 0 |
| test.js:9:17:9:24 | endpoint | calleeAccessPath |  |
| test.js:9:17:9:24 | endpoint | calleeAccessPathWithStructuralInfo |  |
| test.js:9:17:9:24 | endpoint | calleeName | m |
| test.js:10:9:10:16 | endpoint | Callee_AccessPath | f() |
| test.js:10:9:10:16 | endpoint | Input_AccessPathFromCallee |  |
| test.js:10:9:10:16 | endpoint | Input_ArgumentIndex | 0 |
| test.js:10:9:10:16 | endpoint | Input_ArgumentIndexAndAccessPathFromCallee | 0 |
| test.js:10:9:10:16 | endpoint | argumentIndex | 0 |
| test.js:10:9:10:16 | endpoint | calleeAccessPath |  |
| test.js:10:9:10:16 | endpoint | calleeAccessPathWithStructuralInfo |  |
| test.js:11:12:11:19 | endpoint | Callee_AccessPath | o.?.m |
| test.js:11:12:11:19 | endpoint | Input_AccessPathFromCallee |  |
| test.js:11:12:11:19 | endpoint | Input_ArgumentIndex | 0 |
| test.js:11:12:11:19 | endpoint | Input_ArgumentIndexAndAccessPathFromCallee | 0 |
| test.js:11:12:11:19 | endpoint | argumentIndex | 0 |
| test.js:11:12:11:19 | endpoint | calleeAccessPath |  |
| test.js:11:12:11:19 | endpoint | calleeAccessPathWithStructuralInfo |  |
| test.js:11:12:11:19 | endpoint | calleeName | m |
| test.js:12:16:12:23 | endpoint | Callee_AccessPath | o.m.?.p.m |
| test.js:12:16:12:23 | endpoint | Input_AccessPathFromCallee |  |
| test.js:12:16:12:23 | endpoint | Input_ArgumentIndex | 0 |
| test.js:12:16:12:23 | endpoint | Input_ArgumentIndexAndAccessPathFromCallee | 0 |
| test.js:12:16:12:23 | endpoint | argumentIndex | 0 |
| test.js:12:16:12:23 | endpoint | calleeAccessPath |  |
| test.js:12:16:12:23 | endpoint | calleeAccessPathWithStructuralInfo |  |
| test.js:12:16:12:23 | endpoint | calleeName | m |
| test.js:13:15:13:22 | endpoint | Callee_AccessPath | (await p) |
| test.js:13:15:13:22 | endpoint | Input_AccessPathFromCallee |  |
| test.js:13:15:13:22 | endpoint | Input_ArgumentIndex | 0 |
| test.js:13:15:13:22 | endpoint | Input_ArgumentIndexAndAccessPathFromCallee | 0 |
| test.js:13:15:13:22 | endpoint | argumentIndex | 0 |
| test.js:13:15:13:22 | endpoint | calleeAccessPath |  |
| test.js:13:15:13:22 | endpoint | calleeAccessPathWithStructuralInfo |  |
