test.kt:
#    0| [CompilationUnit] test
#    0|   1: [Class] TestKt
#    1|     1: [Method] fn
#    1|       3: [TypeAccess] Unit
#-----|       4: (Parameters)
#    1|         0: [Parameter] arr
#    1|           0: [TypeAccess] byte[]
#    1|         1: [Parameter] mt
#    1|           0: [TypeAccess] C
#    1|       5: [BlockStmt] { ... }
#    2|         0: [ExprStmt] <Expr>;
#    2|           0: [ImplicitCoercionToUnitExpr] <implicit coercion to unit>
#    2|             0: [TypeAccess] Unit
#    2|             1: [ArrayAccess] ...[...]
#    2|               0: [VarAccess] arr
#    2|               1: [IntegerLiteral] 1
#    3|         1: [ExprStmt] <Expr>;
#    3|           0: [ImplicitCoercionToUnitExpr] <implicit coercion to unit>
#    3|             0: [TypeAccess] Unit
#    3|             1: [MethodAccess] get(...)
#    3|               -1: [TypeAccess] TestKt
#    3|               0: [VarAccess] arr
#    3|               1: [IntegerLiteral] 1
#    3|               2: [IntegerLiteral] 2
#    4|         2: [ExprStmt] <Expr>;
#    4|           0: [ImplicitCoercionToUnitExpr] <implicit coercion to unit>
#    4|             0: [TypeAccess] Unit
#    4|             1: [MethodAccess] get(...)
#    4|               -1: [VarAccess] mt
#    4|               0: [IntegerLiteral] 1
#    4|               1: [IntegerLiteral] 2
#    7|     2: [ExtensionMethod] get
#    7|       3: [TypeAccess] String
#-----|       4: (Parameters)
#    7|         0: [Parameter] <this>
#    7|           0: [TypeAccess] byte[]
#    7|         1: [Parameter] i
#    7|           0: [TypeAccess] int
#    7|         2: [Parameter] j
#    7|           0: [TypeAccess] int
#    7|       5: [BlockStmt] { ... }
#    7|         0: [ReturnStmt] return ...
#    7|           0: [StringLiteral] 
#   10|   2: [Class] C
#   10|     1: [Constructor] C
#   10|       5: [BlockStmt] { ... }
#   10|         0: [SuperConstructorInvocationStmt] super(...)
#   10|         1: [BlockStmt] { ... }
#   11|     2: [Method] get
#   11|       3: [TypeAccess] String
#-----|       4: (Parameters)
#   11|         0: [Parameter] i
#   11|           0: [TypeAccess] int
#   11|         1: [Parameter] j
#   11|           0: [TypeAccess] int
#   11|       5: [BlockStmt] { ... }
#   11|         0: [ReturnStmt] return ...
#   11|           0: [StringLiteral] 
